C51 COMPILER V9.57.0.0   COUNTER                                                           10/20/2025 22:51:36 PAGE 1   


C51 COMPILER V9.57.0.0, COMPILATION OF MODULE COUNTER
OBJECT MODULE PLACED IN .\Objects\counter.obj
COMPILER INVOKED BY: C:\Keil_v5\C51\BIN\C51.EXE counter.c OPTIMIZE(8,SPEED) BROWSE DEBUG OBJECTEXTEND PRINT(.\Listings\c
                    -ounter.lst) TABS(2) OBJECT(.\Objects\counter.obj)

line level    source

   1          #include <reg51.h>
   2          
   3          void delay_ms(unsigned int ms)
   4          {
   5   1          unsigned int i, j;
   6   1          
   7   1          // 粗略估算：当晶振为12MHz时，
   8   1          // for(j = 0; j < 1200; j++) 的执行时间约等于 1 毫秒
   9   1          // 这个数值 (1200) 需要根据实际测试和晶振频率来精确调整
  10   1          
  11   1          for (i = 0; i < ms; i++) // 外层循环控制毫秒数
  12   1          {
  13   2              for (j = 0; j < 100; j++); // 内层循环消耗时间
  14   2          }
  15   1      }
  16          
  17          void main(){
  18   1        while(1){
  19   2          P2=0xFF;
  20   2          delay_ms(1000);
  21   2          P2=0x00;
  22   2          delay_ms(1000);
  23   2        }
  24   1      }


MODULE INFORMATION:   STATIC OVERLAYABLE
   CODE SIZE        =     50    ----
   CONSTANT SIZE    =   ----    ----
   XDATA SIZE       =   ----    ----
   PDATA SIZE       =   ----    ----
   DATA SIZE        =   ----    ----
   IDATA SIZE       =   ----    ----
   BIT SIZE         =   ----    ----
END OF MODULE INFORMATION.


C51 COMPILATION COMPLETE.  0 WARNING(S),  0 ERROR(S)
