C51 COMPILER V9.57.0.0   DIGITAL_TUBE_DYNAMIC_4                                            12/11/2025 19:13:12 PAGE 1   


C51 COMPILER V9.57.0.0, COMPILATION OF MODULE DIGITAL_TUBE_DYNAMIC_4
OBJECT MODULE PLACED IN .\Objects\Digital_Tube_Dynamic_4.obj
COMPILER INVOKED BY: C:\Keil_v5\C51\BIN\C51.EXE Digital_Tube_Dynamic_4.c OPTIMIZE(8,SPEED) BROWSE DEBUG OBJECTEXTEND PRI
                    -NT(.\Listings\Digital_Tube_Dynamic_4.lst) TABS(2) OBJECT(.\Objects\Digital_Tube_Dynamic_4.obj)

line level    source

   1          #include <reg51.h>
   2          
   3          unsigned char segCode[10]={0x3f, 0x06, 0x5b, 0x4f, 0x66, 0x6d, 0x7d, 0x27, 0x7f, 0x6f};
   4          unsigned char disp[8];
   5          
   6          unsigned char hour=23, minute=59, second=50;
   7          
   8          void calc(){
   9   1          disp[0]=segCode[second%10];
  10   1          disp[1]=segCode[second/10];
  11   1          disp[2]=0x40;
  12   1          disp[3]=segCode[minute%10];
  13   1          disp[4]=segCode[minute/10];
  14   1          disp[5]=0x40;
  15   1          disp[6]=segCode[hour%10];
  16   1          disp[7]=segCode[hour/10];
  17   1      }
  18          
  19          void timedelay(int ms){
  20   1          unsigned int i,j;
  21   1          for(i=0; i<ms; i++){
  22   2              for(j=0; j<120; j++){
  23   3              }
  24   2          }
  25   1      }
  26          
  27          void timefly()
  28          {
  29   1          if (hour == 23)
  30   1          {
  31   2              if (minute == 59)
  32   2              {
  33   3                  if (second == 59)
  34   3                  {
  35   4                      second = 0;
  36   4                      minute = 0;
  37   4                      hour = 0;
  38   4                  }
  39   3                  else
  40   3                  {
  41   4                      second++;
  42   4                  }
  43   3              }
  44   2              else
  45   2              {
  46   3                  if (second == 59)
  47   3                  {
  48   4                      second = 0;
  49   4                      minute++;
  50   4                  }
  51   3                  else
  52   3                  {
  53   4                      second++;
  54   4                  }
C51 COMPILER V9.57.0.0   DIGITAL_TUBE_DYNAMIC_4                                            12/11/2025 19:13:12 PAGE 2   

  55   3              }
  56   2          }
  57   1          else
  58   1          {
  59   2              if (minute == 59)
  60   2              {
  61   3                  if (second == 59)
  62   3                  {
  63   4                      second = 0;
  64   4                      minute = 0;
  65   4                      hour++;
  66   4                  }
  67   3                  else
  68   3                  {
  69   4                      second++;
  70   4                  }
  71   3              }
  72   2              else
  73   2              {
  74   3                  if (second == 59)
  75   3                  {
  76   4                      second = 0;
  77   4                      minute++;
  78   4                  }
  79   3                  else
  80   3                  {
  81   4                      second++;
  82   4                  }
  83   3              }
  84   2          }
  85   1      }
  86          
  87          void show(){
  88   1          unsigned char i;
  89   1          for(i=0; i<8; i++){
  90   2              P2 &= 0xe3; //不更改P2端口其它输出情况的同时，使三口改变输出
  91   2              P2 |= (i<<2);
  92   2              P0=disp[i];
  93   2              timedelay(1);
  94   2          }
  95   1      }
  96          
  97          void keycheck() interrupt 0{
  98   1          timefly();
  99   1      }
 100          
 101          void init(){
 102   1          IT0=1;
 103   1          EA=1;
 104   1          EX0=1;
 105   1      }
 106          
 107          void main(){
 108   1          init();
 109   1          while(1){
 110   2              calc();
 111   2              show();
 112   2          }
 113   1      }


MODULE INFORMATION:   STATIC OVERLAYABLE
C51 COMPILER V9.57.0.0   DIGITAL_TUBE_DYNAMIC_4                                            12/11/2025 19:13:12 PAGE 3   

   CODE SIZE        =    250    ----
   CONSTANT SIZE    =   ----    ----
   XDATA SIZE       =   ----    ----
   PDATA SIZE       =   ----    ----
   DATA SIZE        =     21    ----
   IDATA SIZE       =   ----    ----
   BIT SIZE         =   ----    ----
END OF MODULE INFORMATION.


C51 COMPILATION COMPLETE.  0 WARNING(S),  0 ERROR(S)
