BL51 BANKED LINKER/LOCATER V6.22.2.0                                                    10/18/2025  23:28:47  PAGE 1


BL51 BANKED LINKER/LOCATER V6.22.2.0, INVOKED BY:
C:\KEIL_V5\C51\BIN\BL51.EXE .\Objects\STARTUP.obj, .\Objects\test.obj, .\Objects\counter.obj TO .\Objects\test PRINT (.\
>> Listings\test.m51)


MEMORY MODEL: SMALL


INPUT MODULES INCLUDED:
  .\Objects\STARTUP.obj (?C_STARTUP)
  .\Objects\test.obj (TEST)
  .\Objects\counter.obj (COUNTER)


LINK MAP OF MODULE:  .\Objects\test (?C_STARTUP)


            TYPE    BASE      LENGTH    RELOCATION   SEGMENT NAME
            -----------------------------------------------------

            * * * * * * *   D A T A   M E M O R Y   * * * * * * *
            REG     0000H     0008H     ABSOLUTE     "REG BANK 0"
            IDATA   0008H     0001H     UNIT         ?STACK

            * * * * * * *   C O D E   M E M O R Y   * * * * * * *
            CODE    0000H     0003H     ABSOLUTE     
            CODE    0003H     0020H     UNIT         ?PR?_DELAY_MS?COUNTER
            CODE    0023H     000FH     UNIT         ?PR?MAIN?COUNTER
            CODE    0032H     000CH     UNIT         ?C_C51STARTUP
            CODE    003EH     0008H     UNIT         ?PR?MAIN?TEST



OVERLAY MAP OF MODULE:   .\Objects\test (?C_STARTUP)


SEGMENT
  +--> CALLED SEGMENT
---------------------
?C_C51STARTUP
  +--> ?PR?MAIN?TEST



IGNORED SYMBOLS:
   MAIN



SYMBOL TABLE OF MODULE:  .\Objects\test (?C_STARTUP)

  VALUE           TYPE          NAME
  ----------------------------------

  -------         MODULE        ?C_STARTUP
  C:0032H         SEGMENT       ?C_C51STARTUP
  I:0008H         SEGMENT       ?STACK
  C:0000H         PUBLIC        ?C_STARTUP
BL51 BANKED LINKER/LOCATER V6.22.2.0                                                  10/18/2025  23:28:47  PAGE 2


  D:00E0H         SYMBOL        ACC
  D:00F0H         SYMBOL        B
  D:0083H         SYMBOL        DPH
  D:0082H         SYMBOL        DPL
  N:0000H         SYMBOL        IBPSTACK
  N:0100H         SYMBOL        IBPSTACKTOP
  N:0080H         SYMBOL        IDATALEN
  C:0035H         SYMBOL        IDATALOOP
  N:0000H         SYMBOL        PBPSTACK
  N:0100H         SYMBOL        PBPSTACKTOP
  N:0000H         SYMBOL        PDATALEN
  N:0000H         SYMBOL        PDATASTART
  N:0000H         SYMBOL        PPAGE
  N:0000H         SYMBOL        PPAGEENABLE
  D:00A0H         SYMBOL        PPAGE_SFR
  D:0081H         SYMBOL        SP
  C:0032H         SYMBOL        STARTUP1
  N:0000H         SYMBOL        XBPSTACK
  N:0000H         SYMBOL        XBPSTACKTOP
  N:0000H         SYMBOL        XDATALEN
  N:0000H         SYMBOL        XDATASTART
  C:0000H         LINE#         126
  C:0032H         LINE#         133
  C:0034H         LINE#         134
  C:0035H         LINE#         135
  C:0036H         LINE#         136
  C:0038H         LINE#         185
  C:003BH         LINE#         196
  -------         ENDMOD        ?C_STARTUP

  -------         MODULE        TEST
  C:0000H         SYMBOL        _ICE_DUMMY_
  D:00A0H         PUBLIC        P2
  C:003EH         PUBLIC        main
  -------         PROC          MAIN
  C:003EH         LINE#         3
  C:003EH         LINE#         4
  C:003EH         LINE#         5
  C:003EH         LINE#         6
  C:0041H         LINE#         7
  C:0044H         LINE#         8
  -------         ENDPROC       MAIN
  -------         ENDMOD        TEST

  -------         MODULE        COUNTER
  C:0000H         SYMBOL        _ICE_DUMMY_
  D:00A0H         PUBLIC        P2
  C:0023H         PUBLIC        main
  C:0003H         PUBLIC        _delay_ms
  -------         PROC          _DELAY_MS
  D:0006H         SYMBOL        ms
  -------         DO            
  D:0004H         SYMBOL        i
  D:0002H         SYMBOL        j
  -------         ENDDO         
  C:0003H         LINE#         3
  C:0003H         LINE#         4
BL51 BANKED LINKER/LOCATER V6.22.2.0                                                  10/18/2025  23:28:47  PAGE 3


  C:0003H         LINE#         11
  C:000DH         LINE#         12
  C:000DH         LINE#         13
  C:001BH         LINE#         14
  C:0022H         LINE#         15
  -------         ENDPROC       _DELAY_MS
  -------         PROC          MAIN
  C:0023H         LINE#         17
  C:0023H         LINE#         18
  C:0023H         LINE#         19
  C:0026H         LINE#         20
  C:002DH         LINE#         21
  C:0030H         LINE#         22
  -------         ENDPROC       MAIN
  -------         ENDMOD        COUNTER

*** ERROR L104: MULTIPLE PUBLIC DEFINITIONS
    SYMBOL:  MAIN
    MODULE:  .\Objects\counter.obj (COUNTER)

*** WARNING L16: UNCALLED SEGMENT, IGNORED FOR OVERLAY PROCESS
    SEGMENT: ?PR?MAIN?COUNTER

Program Size: data=9.0 xdata=0 code=70
LINK/LOCATE RUN COMPLETE.  1 WARNING(S),  1 ERROR(S)
